Serving React static files from: D:\React-Projects\capsproj\client\dist
Auto-seeding fake May history and contacts...
Purged 60 previous fake appointment(s).
Purged 0 previous fake contact message(s).
Seeded 60 fake history appointments.
Seeded 12 fake contact messages.
Fake history window: 2026-05-01 to 2026-05-31
Done. Fake history and contacts seeded successfully.
Auto-seed complete: 60 history appointments (2026-05-01 to 2026-05-31), 12 contacts.
Connected to SQLite at D:\React-Projects\capsproj\server\database.sqlite
Port 5000 is already in use. Stop the previous dev server and restart.
D:\React-Projects\capsproj\server\server.js:205
      throw err;
      ^

Error: listen EADDRINUSE: address already in use :::5000
    at Server.setupListenHandle [as _listen2] (node:net:2008:16)
    at listenInCluster (node:net:2065:12)
    at Server.listen (node:net:2170:7)
    at app.listen (D:\React-Projects\capsproj\server\node_modules\express\lib\application.js:635:24)
    at startServer (D:\React-Projects\capsproj\server\server.js:159:24) {
  code: 'EADDRINUSE',
  errno: -4091,
  syscall: 'listen',
  address: '::',
  port: 5000
}

Node.js v24.15.0
